Performing C++ SOURCE FILE Test CMAKE_HAVE_LIBC_PTHREAD failed with the following output:
Change Dir: /root/C++/handy_CXX_remake/build/CMakeFiles/CMakeTmp

Run Build Command(s):/usr/bin/gmake -f Makefile cmTC_6f9c3/fast && /usr/bin/gmake  -f CMakeFiles/cmTC_6f9c3.dir/build.make CMakeFiles/cmTC_6f9c3.dir/build
gmake[1]: Entering directory '/root/C++/handy_CXX_remake/build/CMakeFiles/CMakeTmp'
Building CXX object CMakeFiles/cmTC_6f9c3.dir/src.cxx.o
/usr/bin/c++ -DCMAKE_HAVE_LIBC_PTHREAD  -Wall -Wextra -Wpedantic  -std=gnu++17 -o CMakeFiles/cmTC_6f9c3.dir/src.cxx.o -c /root/C++/handy_CXX_remake/build/CMakeFiles/CMakeTmp/src.cxx
Linking CXX executable cmTC_6f9c3
/usr/bin/cmake -E cmake_link_script CMakeFiles/cmTC_6f9c3.dir/link.txt --verbose=1
/usr/bin/c++  -Wall -Wextra -Wpedantic  CMakeFiles/cmTC_6f9c3.dir/src.cxx.o -o cmTC_6f9c3 
CMakeFiles/cmTC_6f9c3.dir/src.cxx.o: In function `main':
src.cxx:(.text+0x2d): undefined reference to `pthread_create'
src.cxx:(.text+0x39): undefined reference to `pthread_detach'
src.cxx:(.text+0x45): undefined reference to `pthread_cancel'
src.cxx:(.text+0x56): undefined reference to `pthread_join'
collect2: error: ld returned 1 exit status
gmake[1]: *** [CMakeFiles/cmTC_6f9c3.dir/build.make:99: cmTC_6f9c3] Error 1
gmake[1]: Leaving directory '/root/C++/handy_CXX_remake/build/CMakeFiles/CMakeTmp'
gmake: *** [Makefile:127: cmTC_6f9c3/fast] Error 2


Source file was:
#include <pthread.h>

static void* test_func(void* data)
{
  return data;
}

int main(void)
{
  pthread_t thread;
  pthread_create(&thread, NULL, test_func, NULL);
  pthread_detach(thread);
  pthread_cancel(thread);
  pthread_join(thread, NULL);
  pthread_atfork(NULL, NULL, NULL);
  pthread_exit(NULL);

  return 0;
}

Determining if the function pthread_create exists in the pthreads failed with the following output:
Change Dir: /root/C++/handy_CXX_remake/build/CMakeFiles/CMakeTmp

Run Build Command(s):/usr/bin/gmake -f Makefile cmTC_5e070/fast && /usr/bin/gmake  -f CMakeFiles/cmTC_5e070.dir/build.make CMakeFiles/cmTC_5e070.dir/build
gmake[1]: Entering directory '/root/C++/handy_CXX_remake/build/CMakeFiles/CMakeTmp'
Building CXX object CMakeFiles/cmTC_5e070.dir/CheckFunctionExists.cxx.o
/usr/bin/c++   -Wall -Wextra -Wpedantic -DCHECK_FUNCTION_EXISTS=pthread_create -std=gnu++17 -o CMakeFiles/cmTC_5e070.dir/CheckFunctionExists.cxx.o -c /root/C++/handy_CXX_remake/build/CMakeFiles/CheckLibraryExists/CheckFunctionExists.cxx
Linking CXX executable cmTC_5e070
/usr/bin/cmake -E cmake_link_script CMakeFiles/cmTC_5e070.dir/link.txt --verbose=1
/usr/bin/c++  -Wall -Wextra -Wpedantic -DCHECK_FUNCTION_EXISTS=pthread_create CMakeFiles/cmTC_5e070.dir/CheckFunctionExists.cxx.o -o cmTC_5e070  -lpthreads 
/usr/bin/ld: cannot find -lpthreads
collect2: error: ld returned 1 exit status
gmake[1]: *** [CMakeFiles/cmTC_5e070.dir/build.make:99: cmTC_5e070] Error 1
gmake[1]: Leaving directory '/root/C++/handy_CXX_remake/build/CMakeFiles/CMakeTmp'
gmake: *** [Makefile:127: cmTC_5e070/fast] Error 2



