[2026-03-19 11:12:29.702] [INFO] [../../handy/poller.cpp:114 PollerEpoll] PollerEpoll::PollerEpoll(): PollerEpoll[0] created, epoll_fd=4
[2026-03-19 11:12:29.702] [TRACE] [../../handy/event_base.cpp:100 EventsImp] Wakeup pipe initialized: readFd=5, writeFd=6
[2026-03-19 11:12:29.702] [TRACE] [../../handy/event_base.cpp:616 Channel] Channel set non-block: fd=5 success
[2026-03-19 11:12:29.702] [TRACE] [../../handy/poller.cpp:152 addChannel] PollerEpoll::addChannel(): PollerEpoll[0] add Channel[1], fd=5, events=0x1
[2026-03-19 11:12:29.702] [TRACE] [../../handy/event_base.cpp:627 Channel] Channel created: id=1, fd=5, events=0x1
[2026-03-19 11:12:29.702] [INFO] [../../handy/udp.cpp:108 bind] UDP server(fd=7) bind to 127.0.0.1:12345 success
[2026-03-19 11:12:29.702] [TRACE] [../../handy/event_base.cpp:616 Channel] Channel set non-block: fd=7 success
[2026-03-19 11:12:29.702] [TRACE] [../../handy/poller.cpp:152 addChannel] PollerEpoll::addChannel(): PollerEpoll[0] add Channel[2], fd=7, events=0x1
[2026-03-19 11:12:29.702] [TRACE] [../../handy/event_base.cpp:627 Channel] Channel created: id=2, fd=7, events=0x1
[2026-03-19 11:12:29.702] [INFO] [server.cpp:33 main] udp_server start success on 127.0.0.1:12345
[2026-03-19 11:12:29.702] [TRACE] [../../handy/event_base.cpp:423 loop] EventBase loop started: base=0xdac0a0
[2026-03-19 11:12:29.702] [TRACE] [../../handy/poller.cpp:227 loopOnce] poller.cpp::PollerEpoll::loopOnce(): PollerEpoll[0] epoll_wait, waitTime_ms=0, m_lastActive=0, usedTime_ms=0
[2026-03-19 11:12:29.702] [TRACE] [../../handy/event_base.cpp:449 loopOnce] Ready to handle timeout timers
[2026-03-19 11:12:29.702] [TRACE] [../../handy/event_base.cpp:451 loopOnce] Timeout timers handled
[2026-03-19 11:12:30.709] [TRACE] [../../handy/poller.cpp:227 loopOnce] poller.cpp::PollerEpoll::loopOnce(): PollerEpoll[0] epoll_wait, waitTime_ms=10000, m_lastActive=1, usedTime_ms=1007
[2026-03-19 11:12:30.710] [TRACE] [../../handy/poller.cpp:253 loopOnce] PollerEpoll::loopOnce(): PollerEpoll[0] handle read: Channel[2], fd=7
[2026-03-19 11:12:30.710] [TRACE] [../../handy/event_base.h:411 handleRead] Channel::handleRead: will call m_readCB
[2026-03-19 11:12:30.710] [TRACE] [../../handy/udp.cpp:121 operator()] Udp server(fd=7) recving...
[2026-03-19 11:12:30.710] [TRACE] [../../handy/udp.cpp:130 operator()] Udp server(fd=7) recvfrom 12 bytes from 127.0.0.1:52743
[2026-03-19 11:12:30.710] [TRACE] [../../handy/udp.cpp:131 operator()] Udp server(fd=7) recvfrom hello
world

[2026-03-19 11:12:30.710] [INFO] [server.cpp:40 operator()] Received 12 bytes from 127.0.0.1:52743: hello
world

[2026-03-19 11:12:30.711] [TRACE] [../../handy/udp.cpp:193 sendTo] UdpServer(fd=7) send 13 bytes to 127.0.0.1:52743 success
[2026-03-19 11:12:30.711] [TRACE] [../../handy/event_base.h:416 handleRead] Channel::handleRead: done call m_readCB
[2026-03-19 11:12:30.711] [TRACE] [../../handy/event_base.cpp:449 loopOnce] Ready to handle timeout timers
[2026-03-19 11:12:30.711] [TRACE] [../../handy/event_base.cpp:451 loopOnce] Timeout timers handled
[2026-03-19 11:12:40.721] [TRACE] [../../handy/poller.cpp:227 loopOnce] poller.cpp::PollerEpoll::loopOnce(): PollerEpoll[0] epoll_wait, waitTime_ms=10000, m_lastActive=0, usedTime_ms=10010
[2026-03-19 11:12:40.721] [TRACE] [../../handy/event_base.cpp:449 loopOnce] Ready to handle timeout timers
[2026-03-19 11:12:40.721] [TRACE] [../../handy/event_base.cpp:451 loopOnce] Timeout timers handled
[2026-03-19 11:12:50.731] [TRACE] [../../handy/poller.cpp:227 loopOnce] poller.cpp::PollerEpoll::loopOnce(): PollerEpoll[0] epoll_wait, waitTime_ms=10000, m_lastActive=0, usedTime_ms=10010
[2026-03-19 11:12:50.731] [TRACE] [../../handy/event_base.cpp:449 loopOnce] Ready to handle timeout timers
[2026-03-19 11:12:50.731] [TRACE] [../../handy/event_base.cpp:451 loopOnce] Timeout timers handled
