[2026-03-17 20:43:27.090] [INFO] [../../handy/poller.cpp:114 PollerEpoll] PollerEpoll::PollerEpoll(): PollerEpoll[0] created, epoll_fd=4
[2026-03-17 20:43:27.090] [TRACE] [../../handy/event_base.cpp:100 EventsImp] Wakeup pipe initialized: readFd=5, writeFd=6
[2026-03-17 20:43:27.090] [TRACE] [../../handy/event_base.cpp:616 Channel] Channel set non-block: fd=5 success
[2026-03-17 20:43:27.090] [TRACE] [../../handy/poller.cpp:152 addChannel] PollerEpoll::addChannel(): PollerEpoll[0] add Channel[1], fd=5, events=0x1
[2026-03-17 20:43:27.090] [TRACE] [../../handy/event_base.cpp:627 Channel] Channel created: id=1, fd=5, events=0x1
[2026-03-17 20:43:27.090] [INFO] [../../handy/conn.cpp:669 bind] Listening on fd 7 at 127.0.0.1:12345
[2026-03-17 20:43:27.090] [TRACE] [../../handy/event_base.cpp:616 Channel] Channel set non-block: fd=7 success
[2026-03-17 20:43:27.090] [TRACE] [../../handy/poller.cpp:152 addChannel] PollerEpoll::addChannel(): PollerEpoll[0] add Channel[2], fd=7, events=0x1
[2026-03-17 20:43:27.090] [TRACE] [../../handy/event_base.cpp:627 Channel] Channel created: id=2, fd=7, events=0x1
[2026-03-17 20:43:27.090] [INFO] [server.cpp:34 main] tcp_server start success
[2026-03-17 20:43:27.090] [TRACE] [../../handy/event_base.cpp:423 loop] EventBase loop started: base=0x24730a0
[2026-03-17 20:43:27.090] [TRACE] [../../handy/poller.cpp:227 loopOnce] poller.cpp::PollerEpoll::loopOnce(): PollerEpoll[0] epoll_wait, waitTime_ms=0, m_lastActive=0, usedTime_ms=0
[2026-03-17 20:43:27.090] [TRACE] [../../handy/event_base.cpp:449 loopOnce] Ready to handle timeout timers
[2026-03-17 20:43:27.091] [TRACE] [../../handy/event_base.cpp:451 loopOnce] Timeout timers handled
[2026-03-17 20:43:28.092] [TRACE] [../../handy/poller.cpp:227 loopOnce] poller.cpp::PollerEpoll::loopOnce(): PollerEpoll[0] epoll_wait, waitTime_ms=10000, m_lastActive=1, usedTime_ms=1001
[2026-03-17 20:43:28.092] [TRACE] [../../handy/poller.cpp:253 loopOnce] PollerEpoll::loopOnce(): PollerEpoll[0] handle read: Channel[2], fd=7
[2026-03-17 20:43:28.092] [TRACE] [../../handy/event_base.h:411 handleRead] Channel::handleRead: will call m_readCB
[2026-03-17 20:43:28.092] [TRACE] [../../handy/event_base.cpp:616 Channel] Channel set non-block: fd=8 success
[2026-03-17 20:43:28.092] [TRACE] [../../handy/poller.cpp:152 addChannel] PollerEpoll::addChannel(): PollerEpoll[0] add Channel[3], fd=8, events=0x5
[2026-03-17 20:43:28.092] [TRACE] [../../handy/event_base.cpp:627 Channel] Channel created: id=3, fd=8, events=0x5
[2026-03-17 20:43:28.092] [TRACE] [../../handy/conn.cpp:84 attach] TcpConn attached: 127.0.0.1:12345 -> 127.0.0.1:42624, fd: 8
[2026-03-17 20:43:28.092] [TRACE] [../../handy/conn.cpp:92 attach] register readable and writable events
[2026-03-17 20:43:28.092] [TRACE] [../../handy/event_base.h:416 handleRead] Channel::handleRead: done call m_readCB
[2026-03-17 20:43:28.092] [TRACE] [../../handy/event_base.cpp:449 loopOnce] Ready to handle timeout timers
[2026-03-17 20:43:28.092] [TRACE] [../../handy/event_base.cpp:451 loopOnce] Timeout timers handled
[2026-03-17 20:43:28.092] [TRACE] [../../handy/poller.cpp:227 loopOnce] poller.cpp::PollerEpoll::loopOnce(): PollerEpoll[0] epoll_wait, waitTime_ms=10000, m_lastActive=1, usedTime_ms=0
[2026-03-17 20:43:28.092] [TRACE] [../../handy/poller.cpp:253 loopOnce] PollerEpoll::loopOnce(): PollerEpoll[0] handle read: Channel[3], fd=8
[2026-03-17 20:43:28.092] [TRACE] [../../handy/event_base.h:411 handleRead] Channel::handleRead: will call m_readCB
[2026-03-17 20:43:28.092] [TRACE] [../../handy/poller.cpp:205 updateChannel] PollerEpoll::updateChannel(): PollerEpoll[0] update Channel[3], fd=8, read=1, write=1
[2026-03-17 20:43:28.092] [TRACE] [../../handy/event_base.cpp:665 enableRead] Channel enableRead: id=3, fd=8, events=0x5
[2026-03-17 20:43:28.092] [TRACE] [../../handy/poller.cpp:205 updateChannel] PollerEpoll::updateChannel(): PollerEpoll[0] update Channel[3], fd=8, read=1, write=0
[2026-03-17 20:43:28.092] [TRACE] [../../handy/event_base.cpp:676 enableWrite] Channel enableWrite: id=3, fd=8, events=0x1
[2026-03-17 20:43:28.092] [INFO] [server.cpp:45 operator()] New connection from 127.0.0.1:42624 created
[2026-03-17 20:43:28.092] [TRACE] [../../handy/event_base.cpp:312 refreshNearestTimer] Nearest timer refreshed: m_nextTimeout=1000 ms
[2026-03-17 20:43:28.093] [TRACE] [../../handy/event_base.cpp:414 runAt] One-shot timer registered: timerIdPair={1773751409092, 1}
[2026-03-17 20:43:28.093] [TRACE] [../../handy/event_base.cpp:230 registerIdle] Idle connection registered: idle_s=25
[2026-03-17 20:43:28.093] [TRACE] [../../handy/conn.cpp:364 _handleHandshake] TcpConn connected: 127.0.0.1:12345 -> 127.0.0.1:42624, fd: 8
[2026-03-17 20:43:28.093] [TRACE] [../../handy/conn.cpp:282 _handleRead] Channel  3, fd 8, read 12 bytes
[2026-03-17 20:43:28.093] [TRACE] [../../handy/conn.cpp:282 _handleRead] Channel  3, fd 8, read 30 bytes
[2026-03-17 20:43:28.093] [TRACE] [../../handy/conn.cpp:282 _handleRead] Channel  3, fd 8, read -1 bytes
[2026-03-17 20:43:28.093] [TRACE] [../../handy/conn.cpp:293 _handleRead] No data to read, doing m_readCB(if exist) and break
[2026-03-17 20:43:28.093] [TRACE] [../../handy/event_base.cpp:261 updateIdle] Idle connection updated: updateTime=1773751408
[2026-03-17 20:43:28.093] [TRACE] [../../handy/conn.cpp:301 _handleRead] Doing m_readCB
[2026-03-17 20:43:28.093] [TRACE] [../../handy/conn.cpp:577 operator()] Decoded a message. Original length: 6, message length: 5
[2026-03-17 20:43:28.093] [INFO] [server.cpp:59 operator()] Received message from 127.0.0.1:42624: hello
[2026-03-17 20:43:28.093] [TRACE] [../../handy/conn.cpp:438 _send] Channel 3, fd 8, wrote 6 bytes
[2026-03-17 20:43:28.093] [TRACE] [../../handy/conn.cpp:577 operator()] Decoded a message. Original length: 6, message length: 5
[2026-03-17 20:43:28.093] [INFO] [server.cpp:59 operator()] Received message from 127.0.0.1:42624: world
[2026-03-17 20:43:28.093] [TRACE] [../../handy/conn.cpp:438 _send] Channel 3, fd 8, wrote 6 bytes
[2026-03-17 20:43:28.093] [TRACE] [../../handy/conn.cpp:577 operator()] Decoded a message. Original length: 30, message length: 29
[2026-03-17 20:43:28.093] [INFO] [server.cpp:59 operator()] Received message from 127.0.0.1:42624: This is an additional message
[2026-03-17 20:43:28.093] [TRACE] [../../handy/conn.cpp:438 _send] Channel 3, fd 8, wrote 30 bytes
[2026-03-17 20:43:28.093] [TRACE] [../../handy/event_base.h:416 handleRead] Channel::handleRead: done call m_readCB
[2026-03-17 20:43:28.093] [TRACE] [../../handy/event_base.cpp:449 loopOnce] Ready to handle timeout timers
[2026-03-17 20:43:28.093] [TRACE] [../../handy/event_base.cpp:312 refreshNearestTimer] Nearest timer refreshed: m_nextTimeout=999 ms
[2026-03-17 20:43:28.093] [TRACE] [../../handy/event_base.cpp:451 loopOnce] Timeout timers handled
[2026-03-17 20:43:29.093] [TRACE] [../../handy/poller.cpp:227 loopOnce] poller.cpp::PollerEpoll::loopOnce(): PollerEpoll[0] epoll_wait, waitTime_ms=999, m_lastActive=0, usedTime_ms=1000
[2026-03-17 20:43:29.093] [TRACE] [../../handy/event_base.cpp:449 loopOnce] Ready to handle timeout timers
[2026-03-17 20:43:29.093] [TRACE] [../../handy/event_base.cpp:312 refreshNearestTimer] Nearest timer refreshed: m_nextTimeout=1000 ms
[2026-03-17 20:43:29.093] [TRACE] [../../handy/event_base.cpp:414 runAt] One-shot timer registered: timerIdPair={1773751410093, 2}
[2026-03-17 20:43:29.093] [TRACE] [../../handy/event_base.cpp:312 refreshNearestTimer] Nearest timer refreshed: m_nextTimeout=1000 ms
[2026-03-17 20:43:29.093] [TRACE] [../../handy/event_base.cpp:451 loopOnce] Timeout timers handled
[2026-03-17 20:43:30.094] [TRACE] [../../handy/poller.cpp:227 loopOnce] poller.cpp::PollerEpoll::loopOnce(): PollerEpoll[0] epoll_wait, waitTime_ms=1000, m_lastActive=0, usedTime_ms=1001
[2026-03-17 20:43:30.094] [TRACE] [../../handy/event_base.cpp:449 loopOnce] Ready to handle timeout timers
[2026-03-17 20:43:30.094] [TRACE] [../../handy/event_base.cpp:312 refreshNearestTimer] Nearest timer refreshed: m_nextTimeout=1000 ms
[2026-03-17 20:43:30.095] [TRACE] [../../handy/event_base.cpp:414 runAt] One-shot timer registered: timerIdPair={1773751411094, 3}
[2026-03-17 20:43:30.095] [TRACE] [../../handy/event_base.cpp:312 refreshNearestTimer] Nearest timer refreshed: m_nextTimeout=999 ms
[2026-03-17 20:43:30.095] [TRACE] [../../handy/event_base.cpp:451 loopOnce] Timeout timers handled
[2026-03-17 20:43:31.094] [TRACE] [../../handy/poller.cpp:227 loopOnce] poller.cpp::PollerEpoll::loopOnce(): PollerEpoll[0] epoll_wait, waitTime_ms=999, m_lastActive=0, usedTime_ms=999
[2026-03-17 20:43:31.094] [TRACE] [../../handy/event_base.cpp:449 loopOnce] Ready to handle timeout timers
[2026-03-17 20:43:31.094] [TRACE] [../../handy/event_base.cpp:312 refreshNearestTimer] Nearest timer refreshed: m_nextTimeout=1000 ms
[2026-03-17 20:43:31.094] [TRACE] [../../handy/event_base.cpp:414 runAt] One-shot timer registered: timerIdPair={1773751412094, 4}
[2026-03-17 20:43:31.094] [TRACE] [../../handy/event_base.cpp:312 refreshNearestTimer] Nearest timer refreshed: m_nextTimeout=1000 ms
[2026-03-17 20:43:31.094] [TRACE] [../../handy/event_base.cpp:451 loopOnce] Timeout timers handled
[2026-03-17 20:43:31.914] [INFO] [server.cpp:14 sigIntHandler] exit server.cpp
[2026-03-17 20:43:31.914] [TRACE] [../../handy/event_base.cpp:463 wakeup] write wakeup pipe(fd=6) success
[2026-03-17 20:43:31.914] [TRACE] [../../handy/poller.cpp:227 loopOnce] poller.cpp::PollerEpoll::loopOnce(): PollerEpoll[0] epoll_wait, waitTime_ms=1000, m_lastActive=-1, usedTime_ms=820
[2026-03-17 20:43:31.914] [TRACE] [../../handy/event_base.cpp:449 loopOnce] Ready to handle timeout timers
[2026-03-17 20:43:31.914] [TRACE] [../../handy/event_base.cpp:312 refreshNearestTimer] Nearest timer refreshed: m_nextTimeout=180 ms
[2026-03-17 20:43:31.914] [TRACE] [../../handy/event_base.cpp:451 loopOnce] Timeout timers handled
[2026-03-17 20:43:31.914] [TRACE] [../../handy/event_base.cpp:427 loop] EventBase loop exited: base=0x24730a0
[2026-03-17 20:43:31.914] [TRACE] [../../handy/poller.cpp:227 loopOnce] poller.cpp::PollerEpoll::loopOnce(): PollerEpoll[0] epoll_wait, waitTime_ms=0, m_lastActive=1, usedTime_ms=0
[2026-03-17 20:43:31.914] [TRACE] [../../handy/poller.cpp:253 loopOnce] PollerEpoll::loopOnce(): PollerEpoll[0] handle read: Channel[1], fd=5
[2026-03-17 20:43:31.914] [TRACE] [../../handy/event_base.h:411 handleRead] Channel::handleRead: will call m_readCB
[2026-03-17 20:43:31.915] [TRACE] [../../handy/event_base.h:416 handleRead] Channel::handleRead: done call m_readCB
[2026-03-17 20:43:31.915] [TRACE] [../../handy/event_base.cpp:449 loopOnce] Ready to handle timeout timers
[2026-03-17 20:43:31.915] [TRACE] [../../handy/event_base.cpp:451 loopOnce] Timeout timers handled
[2026-03-17 20:43:31.915] [TRACE] [../../handy/event_base.cpp:640 close] Channel closing: id=2, fd=7
[2026-03-17 20:43:31.915] [TRACE] [../../handy/poller.cpp:173 removeChannel] PollerEpoll::removeChannel(): PollerEpoll[0] remove Channel[2], fd=7
[2026-03-17 20:43:31.915] [TRACE] [../../handy/event_base.cpp:649 close] Channel closed: fd=7
[2026-03-17 20:43:31.915] [TRACE] [../../handy/event_base.h:411 handleRead] Channel::handleRead: will call m_readCB
[2026-03-17 20:43:31.915] [TRACE] [../../handy/event_base.h:416 handleRead] Channel::handleRead: done call m_readCB
[2026-03-17 20:43:31.915] [TRACE] [../../handy/event_base.cpp:633 ~Channel] Channel destroyed: id=2, fd=-1
[2026-03-17 20:43:31.915] [TRACE] [../../handy/event_base.cpp:484 ~EventBase] EventBase destroying: base=0x24730a0
[2026-03-17 20:43:31.915] [TRACE] [../../handy/event_base.cpp:108 ~EventsImp] Ready to delete m_poller
[2026-03-17 20:43:31.915] [INFO] [../../handy/poller.cpp:120 ~PollerEpoll] PollerEpoll::~PollerEpoll(): PollerEpoll[0] destroying, epoll_fd=4
[2026-03-17 20:43:31.915] [TRACE] [../../handy/event_base.cpp:640 close] Channel closing: id=1, fd=5
[2026-03-17 20:43:31.915] [TRACE] [../../handy/poller.cpp:173 removeChannel] PollerEpoll::removeChannel(): PollerEpoll[0] remove Channel[1], fd=5
[2026-03-17 20:43:31.915] [TRACE] [../../handy/event_base.cpp:649 close] Channel closed: fd=5
[2026-03-17 20:43:31.915] [TRACE] [../../handy/event_base.h:411 handleRead] Channel::handleRead: will call m_readCB
[2026-03-17 20:43:31.915] [TRACE] [../../handy/event_base.cpp:633 ~Channel] Channel destroyed: id=1, fd=-1
[2026-03-17 20:43:31.915] [TRACE] [../../handy/event_base.h:416 handleRead] Channel::handleRead: done call m_readCB
[2026-03-17 20:43:31.915] [TRACE] [../../handy/event_base.cpp:640 close] Channel closing: id=3, fd=8
[2026-03-17 20:43:31.915] [TRACE] [../../handy/poller.cpp:173 removeChannel] PollerEpoll::removeChannel(): PollerEpoll[0] remove Channel[3], fd=8
[2026-03-17 20:43:31.915] [TRACE] [../../handy/event_base.cpp:649 close] Channel closed: fd=8
[2026-03-17 20:43:31.915] [TRACE] [../../handy/event_base.h:411 handleRead] Channel::handleRead: will call m_readCB
[2026-03-17 20:43:31.915] [INFO] [server.cpp:54 operator()] Old connection from 127.0.0.1:42624 closed
[2026-03-17 20:43:31.915] [TRACE] [../../handy/conn.cpp:213 cleanup] TcpConn closing: 127.0.0.1:12345 -> 127.0.0.1:42624, fd: -1. errno: 4, msg: Interrupted system call
